// Vitest Snapshot v1, https://vitest.dev/guide/snapshot.html

exports[`given a default AspectRatio > should render as snapshot 1`] = `
"<div style="position: relative; width: 100%; padding-bottom: 100%;" data-radix-aspect-ratio-wrapper="">
  <div style="position: absolute; inset: 0px;"><img class="h-full w-full object-cover" src="https://images.unsplash.com/photo-1535025183041-0991a977e25b?w=300&amp;dpr=2&amp;q=80" alt="Landscape photograph by Tobias Tullius"></div>
</div>"
`;
